------------------------------------------------------------------------------------------------------------------------------------
Entrada de aparas	Data: 05/03/2015 as 12:04:56  Usuario: admlog	
------------------------------------------------------------------------------------------------------------------------------------
CIBRAPEL S.A IND PAPEL E EMBAL02-DSV                                                                                             PAG
pol1277                        ENTRADA DE APARAS NO PERIODO DE02/01/2015 - 02/01/2015                       EMISSAO: 05/03/2015 - 12
------------------------------------------------------------------------------------------------------------------------------------


  Fornecedor:                 - FLOR DE LOTO MERITI EMBALAGENS LTDA

ITEM            DESCRICAO           EMISSAO    N.F.   A.R.   QTD NOTA  PR UNI  VAL NOTA PESO BALAN PR COT VAL COT   DIF QTD   STAT.
--------------- ------------------ ---------- ------ ------ ---------- ------ --------- ---------- ------ --------- --------- ------
010040006       APARAS CARTONAGEM  02/01/2015   5550  50881   9724,000   0,30  2.917,20   9220,000   0,30  2.766,00           CONCLU
010040002       APARAS ONDULADO I  02/01/2015 129262  50885  16510,000   0,37  6.108,70  16650,000   0,37  6.160,50           CONCLU
010040002       APARAS ONDULADO I  02/01/2015 129258  50877  17020,000   0,37  6.297,40  17340,000   0,37  6.415,80           CONCLU
010040002       APARAS ONDULADO I  02/01/2015 129233  50961   3080,000   0,37  1.139,60      0,000   0,00      0,00           LANCAN
010040002       APARAS ONDULADO I  02/01/2015 129255  50880  16290,000   0,37  6.027,30  16660,000   0,37  6.164,20           CONCLU
010040002       APARAS ONDULADO I  02/01/2015 129257  50874  17370,000   0,37  6.426,90  17630,000   0,37  6.523,10           CONCLU
010040002       APARAS ONDULADO I  02/01/2015  97910  50892  16590,000   0,37  6.138,30  16600,000   0,37  6.142,00           CONCLU
010040002       APARAS ONDULADO I  02/01/2015  97908  50890  15610,000   0,37  5.775,70  15680,000   0,37  5.801,60           CONCLU
010040002       APARAS ONDULADO I  02/01/2015  97931  50893   8510,000   0,37  3.148,70   8510,000   0,37  3.148,70           CONCLU
010040002       APARAS ONDULADO I  02/01/2015  97909  50891  15090,000   0,37  5.583,30  15160,000   0,37  5.609,20           CONCLU
010040002       APARAS ONDULADO I  02/01/2015    251  50884  10510,000   0,37  3.888,70  10660,000   0,37  3.944,20           CONCLU
010040006       APARAS CARTONAGEM  02/01/2015  82050  50887  10650,000   0,06    639,00  10610,000   0,60  6.366,00           CONCLU
------------------------------------------------------------------------------------------------------------------------------------
                                                            156954,000        54.090,80 154720,000        59.041,30










































                                                                 * * * ULTIMA FOLHA * * *





------------------------------------------------------------------------------------------------------------------------------------
POL1277TESTE	Página: 001	
------------------------------------------------------------------------------------------------------------------------------------